test s3 upload
